Initializing...
Loading settings...
! Using default private key for chain write simulation. To use your own key, set CRE_ETH_PRIVATE_KEY in your .env file or system environment.
Checking RPC connectivity...
Compiling workflow...
✓ Workflow compiled
✓ Simulation limits enabled
  HTTP: req=120kb resp=250kb timeout=10s | ConfHTTP: req=125kb resp=500kb timeout=1m30s | Consensus obs=25kb | ChainWrite evm_report=50kb evm_gas=10000000 solana_report=265b solana_cu=300000 | WASM binary=100mb compressed=20mb
  Binary hash: e90dbd340258da034d684f64c700210d1b2d7dcb6e3d9482357f0db2e5ceafef
  Config hash: a0954af0af60f91fcfa2a24aa7f628e635ce47b980c42b4e84707ca59630b1cb
2026-10-03T16:03:54Z [SIMULATION] Simulator Initialized

2026-10-03T16:03:54Z [SIMULATION] Running trigger trigger=cron-trigger@1.0.0
2026-10-03T16:03:54Z [USER LOG] [cycle_start] cycle-2026-10-03T08:03:54.186Z
2026-10-03T16:03:54Z [USER LOG] [state] cash 1000.00, equity 1000.00, positions 0
2026-10-03T16:03:54Z [USER LOG] [halted] kill_switch_on
2026-10-03T16:03:54Z [USER LOG] [cycle_end] halted: no data purchased, no orders placed

✓ Workflow Simulation Result:
"halted: no data purchased, no orders placed"

2026-10-03T16:03:54Z [SIMULATION] Execution finished signal received
2026-10-03T16:03:54Z [SIMULATION] Skipping WorkflowEngineV2

╭──────────────────────────────────────────────────────╮
│ Simulation complete! Ready to deploy your workflow?  │
│                                                      │
│ Run cre account access to request deployment access. │
╰──────────────────────────────────────────────────────╯
